// Jest Snapshot v1, https://goo.gl/fbAQLP

exports[`I want to see currency data within the selection widget renders exchange rate data  1`] = `
<div
  className="selection-widget"
>
  <Segment>
    <div
      className="currency-data"
    >
      <h1>
        hello world
      </h1>
    </div>
  </Segment>
</div>
`;
